2026-08-22 05:59:45,342 | INFO | __main__ | Fetched structures: 100 / 14776
2026-08-22 06:00:26,028 | INFO | __main__ | Fetched structures: 200 / 14776
2026-08-22 06:01:10,142 | INFO | __main__ | Fetched structures: 300 / 14776
2026-08-22 06:02:06,655 | WARNING | urllib3.connectionpool | Retrying (Retry(total=4, connect=5, read=4, redirect=None, status=5)) after connection broken by 'ConnectionResetError(10054, 'An existing connection was forcibly closed by the remote host', None, 10054, None)': /chembl/api/data/molecule/CHEMBL416611.json
2026-08-22 06:02:15,807 | INFO | __main__ | Fetched structures: 400 / 14776
2026-08-22 06:02:57,699 | INFO | __main__ | Fetched structures: 500 / 14776
2026-08-22 06:03:39,618 | INFO | __main__ | Fetched structures: 600 / 14776
2026-08-22 06:04:21,266 | INFO | __main__ | Fetched structures: 700 / 14776
2026-08-22 06:05:03,988 | INFO | __main__ | Fetched structures: 800 / 14776
2026-08-22 06:05:46,977 | INFO | __main__ | Fetched structures: 900 / 14776
2026-08-22 06:06:49,412 | INFO | __main__ | Fetched structures: 1000 / 14776
2026-08-22 06:07:57,617 | INFO | __main__ | Fetched structures: 1100 / 14776
2026-08-22 06:09:04,613 | INFO | __main__ | Fetched structures: 1200 / 14776
2026-08-22 06:10:20,329 | INFO | __main__ | Fetched structures: 1300 / 14776
2026-08-22 06:11:02,311 | WARNING | urllib3.connectionpool | Retrying (Retry(total=4, connect=5, read=4, redirect=None, status=5)) after connection broken by 'ConnectionResetError(10054, 'An existing connection was forcibly closed by the remote host', None, 10054, None)': /chembl/api/data/molecule/CHEMBL296168.json
2026-08-22 06:11:04,313 | WARNING | urllib3.connectionpool | Retrying (Retry(total=3, connect=4, read=4, redirect=None, status=5)) after connection broken by 'NameResolutionError("HTTPSConnection(host='www.ebi.ac.uk', port=443): Failed to resolve 'www.ebi.ac.uk' ([Errno 11001] getaddrinfo failed)")': /chembl/api/data/molecule/CHEMBL296168.json
2026-08-22 06:11:08,314 | WARNING | urllib3.connectionpool | Retrying (Retry(total=2, connect=3, read=4, redirect=None, status=5)) after connection broken by 'NameResolutionError("HTTPSConnection(host='www.ebi.ac.uk', port=443): Failed to resolve 'www.ebi.ac.uk' ([Errno 11001] getaddrinfo failed)")': /chembl/api/data/molecule/CHEMBL296168.json
2026-08-22 06:11:16,317 | WARNING | urllib3.connectionpool | Retrying (Retry(total=1, connect=2, read=4, redirect=None, status=5)) after connection broken by 'NameResolutionError("HTTPSConnection(host='www.ebi.ac.uk', port=443): Failed to resolve 'www.ebi.ac.uk' ([Errno 11001] getaddrinfo failed)")': /chembl/api/data/molecule/CHEMBL296168.json
2026-08-22 06:11:32,319 | WARNING | urllib3.connectionpool | Retrying (Retry(total=0, connect=1, read=4, redirect=None, status=5)) after connection broken by 'NameResolutionError("HTTPSConnection(host='www.ebi.ac.uk', port=443): Failed to resolve 'www.ebi.ac.uk' ([Errno 11001] getaddrinfo failed)")': /chembl/api/data/molecule/CHEMBL296168.json
2026-08-22 06:14:18,839 | INFO | __main__ | Fetched structures: 100 / 14776
2026-08-22 06:14:50,253 | WARNING | urllib3.connectionpool | Retrying (Retry(total=4, connect=5, read=4, redirect=None, status=5)) after connection broken by 'ConnectionResetError(10054, 'An existing connection was forcibly closed by the remote host', None, 10054, None)': /chembl/api/data/molecule/CHEMBL89363.json
2026-08-22 06:14:52,257 | WARNING | urllib3.connectionpool | Retrying (Retry(total=3, connect=4, read=4, redirect=None, status=5)) after connection broken by 'NameResolutionError("HTTPSConnection(host='www.ebi.ac.uk', port=443): Failed to resolve 'www.ebi.ac.uk' ([Errno 11001] getaddrinfo failed)")': /chembl/api/data/molecule/CHEMBL89363.json
2026-08-22 06:14:56,260 | WARNING | urllib3.connectionpool | Retrying (Retry(total=2, connect=3, read=4, redirect=None, status=5)) after connection broken by 'NameResolutionError("HTTPSConnection(host='www.ebi.ac.uk', port=443): Failed to resolve 'www.ebi.ac.uk' ([Errno 11001] getaddrinfo failed)")': /chembl/api/data/molecule/CHEMBL89363.json
2026-08-22 06:15:04,264 | WARNING | urllib3.connectionpool | Retrying (Retry(total=1, connect=2, read=4, redirect=None, status=5)) after connection broken by 'NameResolutionError("HTTPSConnection(host='www.ebi.ac.uk', port=443): Failed to resolve 'www.ebi.ac.uk' ([Errno 11001] getaddrinfo failed)")': /chembl/api/data/molecule/CHEMBL89363.json
2026-08-22 06:15:20,266 | WARNING | urllib3.connectionpool | Retrying (Retry(total=0, connect=1, read=4, redirect=None, status=5)) after connection broken by 'NameResolutionError("HTTPSConnection(host='www.ebi.ac.uk', port=443): Failed to resolve 'www.ebi.ac.uk' ([Errno 11001] getaddrinfo failed)")': /chembl/api/data/molecule/CHEMBL89363.json
2026-08-22 06:27:32,036 | INFO | __main__ | Fetched structures: 100 / 14776
2026-08-22 06:28:09,241 | INFO | __main__ | Fetched structures: 200 / 14776
2026-08-22 06:28:49,285 | INFO | __main__ | Fetched structures: 300 / 14776
2026-08-22 06:29:30,899 | INFO | __main__ | Fetched structures: 400 / 14776
2026-08-22 06:30:12,120 | INFO | __main__ | Fetched structures: 500 / 14776
2026-08-22 06:30:51,340 | INFO | __main__ | Fetched structures: 600 / 14776
2026-08-22 06:31:34,167 | WARNING | urllib3.connectionpool | Retrying (Retry(total=4, connect=5, read=4, redirect=None, status=5)) after connection broken by 'ConnectionResetError(10054, 'An existing connection was forcibly closed by the remote host', None, 10054, None)': /chembl/api/data/molecule/CHEMBL82214.json
2026-08-22 06:31:36,168 | WARNING | urllib3.connectionpool | Retrying (Retry(total=3, connect=4, read=4, redirect=None, status=5)) after connection broken by 'NameResolutionError("HTTPSConnection(host='www.ebi.ac.uk', port=443): Failed to resolve 'www.ebi.ac.uk' ([Errno 11001] getaddrinfo failed)")': /chembl/api/data/molecule/CHEMBL82214.json
2026-08-22 06:31:40,172 | WARNING | urllib3.connectionpool | Retrying (Retry(total=2, connect=3, read=4, redirect=None, status=5)) after connection broken by 'NameResolutionError("HTTPSConnection(host='www.ebi.ac.uk', port=443): Failed to resolve 'www.ebi.ac.uk' ([Errno 11001] getaddrinfo failed)")': /chembl/api/data/molecule/CHEMBL82214.json
2026-08-22 06:31:48,173 | WARNING | urllib3.connectionpool | Retrying (Retry(total=1, connect=2, read=4, redirect=None, status=5)) after connection broken by 'NameResolutionError("HTTPSConnection(host='www.ebi.ac.uk', port=443): Failed to resolve 'www.ebi.ac.uk' ([Errno 11001] getaddrinfo failed)")': /chembl/api/data/molecule/CHEMBL82214.json
2026-08-22 06:32:04,174 | WARNING | urllib3.connectionpool | Retrying (Retry(total=0, connect=1, read=4, redirect=None, status=5)) after connection broken by 'NameResolutionError("HTTPSConnection(host='www.ebi.ac.uk', port=443): Failed to resolve 'www.ebi.ac.uk' ([Errno 11001] getaddrinfo failed)")': /chembl/api/data/molecule/CHEMBL82214.json
2026-08-22 13:25:41,770 | WARNING | urllib3.connectionpool | Retrying (Retry(total=4, connect=5, read=4, redirect=None, status=5)) after connection broken by 'RemoteDisconnected('Remote end closed connection without response')': /chembl/api/data/molecule/CHEMBL68920.json
2026-08-22 13:25:57,593 | WARNING | urllib3.connectionpool | Retrying (Retry(total=3, connect=5, read=3, redirect=None, status=5)) after connection broken by 'RemoteDisconnected('Remote end closed connection without response')': /chembl/api/data/molecule/CHEMBL68920.json
2026-08-22 13:27:22,179 | INFO | __main__ | Fetched structures: 100 / 14776
2026-08-22 13:28:56,047 | INFO | __main__ | Fetched structures: 200 / 14776
2026-08-22 13:30:09,488 | WARNING | urllib3.connectionpool | Retrying (Retry(total=4, connect=5, read=4, redirect=None, status=5)) after connection broken by 'RemoteDisconnected('Remote end closed connection without response')': /chembl/api/data/molecule/CHEMBL138363.json
2026-08-22 13:30:25,762 | WARNING | urllib3.connectionpool | Retrying (Retry(total=3, connect=5, read=3, redirect=None, status=5)) after connection broken by 'RemoteDisconnected('Remote end closed connection without response')': /chembl/api/data/molecule/CHEMBL138363.json
2026-08-22 13:31:40,316 | WARNING | urllib3.connectionpool | Retrying (Retry(total=4, connect=5, read=4, redirect=None, status=5)) after connection broken by 'ReadTimeoutError("HTTPSConnectionPool(host='www.ebi.ac.uk', port=443): Read timed out. (read timeout=60)")': /chembl/api/data/molecule/CHEMBL344486.json
2026-08-22 13:31:44,083 | WARNING | urllib3.connectionpool | Retrying (Retry(total=3, connect=4, read=4, redirect=None, status=5)) after connection broken by 'NewConnectionError("HTTPSConnection(host='www.ebi.ac.uk', port=443): Failed to establish a new connection: [WinError 10053] An established connection was aborted by the software in your host machine")': /chembl/api/data/molecule/CHEMBL344486.json
2026-08-22 13:31:48,090 | WARNING | urllib3.connectionpool | Retrying (Retry(total=2, connect=3, read=4, redirect=None, status=5)) after connection broken by 'NameResolutionError("HTTPSConnection(host='www.ebi.ac.uk', port=443): Failed to resolve 'www.ebi.ac.uk' ([Errno 11001] getaddrinfo failed)")': /chembl/api/data/molecule/CHEMBL344486.json
2026-08-22 13:32:58,406 | INFO | __main__ | Fetched structures: 300 / 14776
2026-08-22 13:33:37,324 | INFO | __main__ | Fetched structures: 400 / 14776
2026-08-22 13:34:16,274 | INFO | __main__ | Fetched structures: 500 / 14776
2026-08-22 13:34:54,536 | INFO | __main__ | Fetched structures: 600 / 14776
2026-08-22 13:35:31,980 | INFO | __main__ | Fetched structures: 700 / 14776
2026-08-22 13:36:18,741 | INFO | __main__ | Fetched structures: 800 / 14776
2026-08-22 13:36:55,611 | INFO | __main__ | Fetched structures: 900 / 14776
2026-08-22 13:37:32,929 | INFO | __main__ | Fetched structures: 1000 / 14776
2026-08-22 13:38:10,018 | INFO | __main__ | Fetched structures: 1100 / 14776
2026-08-22 13:38:48,403 | INFO | __main__ | Fetched structures: 1200 / 14776
2026-08-22 13:39:24,748 | INFO | __main__ | Fetched structures: 1300 / 14776
2026-08-22 13:40:01,551 | INFO | __main__ | Fetched structures: 1400 / 14776
2026-08-22 13:40:38,878 | INFO | __main__ | Fetched structures: 1500 / 14776
2026-08-22 13:41:16,371 | INFO | __main__ | Fetched structures: 1600 / 14776
2026-08-22 13:41:54,419 | INFO | __main__ | Fetched structures: 1700 / 14776
2026-08-22 13:42:31,729 | INFO | __main__ | Fetched structures: 1800 / 14776
2026-08-22 13:43:09,055 | INFO | __main__ | Fetched structures: 1900 / 14776
2026-08-22 13:43:46,375 | INFO | __main__ | Fetched structures: 2000 / 14776
2026-08-22 13:44:24,051 | INFO | __main__ | Fetched structures: 2100 / 14776
2026-08-22 13:45:01,300 | INFO | __main__ | Fetched structures: 2200 / 14776
2026-08-22 13:45:38,909 | INFO | __main__ | Fetched structures: 2300 / 14776
2026-08-22 16:13:25,590 | INFO | __main__ | Fetched structures: 100 / 14776
2026-08-22 16:14:05,109 | INFO | __main__ | Fetched structures: 200 / 14776
2026-08-22 16:14:44,719 | INFO | __main__ | Fetched structures: 300 / 14776
2026-08-22 16:15:25,454 | INFO | __main__ | Fetched structures: 400 / 14776
2026-08-22 16:16:04,534 | INFO | __main__ | Fetched structures: 500 / 14776
2026-08-22 16:16:42,793 | INFO | __main__ | Fetched structures: 600 / 14776
2026-08-22 16:17:21,198 | INFO | __main__ | Fetched structures: 700 / 14776
2026-08-22 16:17:58,816 | INFO | __main__ | Fetched structures: 800 / 14776
2026-08-22 16:18:37,639 | INFO | __main__ | Fetched structures: 900 / 14776
2026-08-22 16:19:15,671 | INFO | __main__ | Fetched structures: 1000 / 14776
2026-08-22 16:19:54,365 | INFO | __main__ | Fetched structures: 1100 / 14776
2026-08-22 16:20:34,995 | INFO | __main__ | Fetched structures: 1200 / 14776
2026-08-22 16:21:13,916 | INFO | __main__ | Fetched structures: 1300 / 14776
2026-08-22 16:21:52,986 | INFO | __main__ | Fetched structures: 1400 / 14776
2026-08-22 16:22:33,002 | INFO | __main__ | Fetched structures: 1500 / 14776
2026-08-22 16:23:11,809 | INFO | __main__ | Fetched structures: 1600 / 14776
2026-08-22 16:23:51,344 | INFO | __main__ | Fetched structures: 1700 / 14776
2026-08-22 16:24:30,968 | INFO | __main__ | Fetched structures: 1800 / 14776
2026-08-22 16:25:09,297 | INFO | __main__ | Fetched structures: 1900 / 14776
2026-08-22 16:25:49,061 | INFO | __main__ | Fetched structures: 2000 / 14776
2026-08-22 16:26:28,115 | INFO | __main__ | Fetched structures: 2100 / 14776
2026-08-22 16:27:09,135 | INFO | __main__ | Fetched structures: 2200 / 14776
2026-08-22 16:27:48,794 | INFO | __main__ | Fetched structures: 2300 / 14776
2026-08-22 16:28:28,075 | INFO | __main__ | Fetched structures: 2400 / 14776
2026-08-22 16:29:06,829 | INFO | __main__ | Fetched structures: 2500 / 14776
2026-08-22 16:29:45,524 | INFO | __main__ | Fetched structures: 2600 / 14776
2026-08-22 16:30:24,160 | INFO | __main__ | Fetched structures: 2700 / 14776
2026-08-22 16:31:04,925 | INFO | __main__ | Fetched structures: 2800 / 14776
2026-08-22 16:31:46,908 | INFO | __main__ | Fetched structures: 2900 / 14776
2026-08-22 16:32:28,174 | INFO | __main__ | Fetched structures: 3000 / 14776
2026-08-22 16:33:08,828 | INFO | __main__ | Fetched structures: 3100 / 14776
2026-08-22 16:33:50,098 | INFO | __main__ | Fetched structures: 3200 / 14776
2026-08-22 16:34:31,331 | INFO | __main__ | Fetched structures: 3300 / 14776
2026-08-22 16:35:12,531 | INFO | __main__ | Fetched structures: 3400 / 14776
2026-08-22 16:35:54,350 | INFO | __main__ | Fetched structures: 3500 / 14776
2026-08-22 16:36:35,880 | INFO | __main__ | Fetched structures: 3600 / 14776
2026-08-22 16:37:16,632 | INFO | __main__ | Fetched structures: 3700 / 14776
2026-08-22 16:38:04,556 | INFO | __main__ | Fetched structures: 3800 / 14776
2026-08-22 16:38:46,132 | INFO | __main__ | Fetched structures: 3900 / 14776
2026-08-22 16:39:28,014 | INFO | __main__ | Fetched structures: 4000 / 14776
2026-08-22 16:40:09,687 | INFO | __main__ | Fetched structures: 4100 / 14776
2026-08-22 16:40:51,367 | INFO | __main__ | Fetched structures: 4200 / 14776
2026-08-22 16:41:32,735 | INFO | __main__ | Fetched structures: 4300 / 14776
2026-08-22 16:42:14,205 | INFO | __main__ | Fetched structures: 4400 / 14776
2026-08-22 16:42:55,678 | INFO | __main__ | Fetched structures: 4500 / 14776
2026-08-22 16:43:37,151 | INFO | __main__ | Fetched structures: 4600 / 14776
2026-08-22 16:44:18,726 | INFO | __main__ | Fetched structures: 4700 / 14776
2026-08-22 16:44:59,683 | INFO | __main__ | Fetched structures: 4800 / 14776
2026-08-22 16:45:40,745 | INFO | __main__ | Fetched structures: 4900 / 14776
2026-08-22 16:46:21,364 | INFO | __main__ | Fetched structures: 5000 / 14776
2026-08-22 16:47:02,202 | INFO | __main__ | Fetched structures: 5100 / 14776
2026-08-22 16:48:44,244 | INFO | __main__ | Fetched structures: 5200 / 14776
2026-08-22 16:49:26,227 | INFO | __main__ | Fetched structures: 5300 / 14776
2026-08-22 16:50:07,083 | INFO | __main__ | Fetched structures: 5400 / 14776
2026-08-22 16:50:48,045 | INFO | __main__ | Fetched structures: 5500 / 14776
2026-08-22 16:51:29,004 | INFO | __main__ | Fetched structures: 5600 / 14776
2026-08-22 16:52:09,604 | INFO | __main__ | Fetched structures: 5700 / 14776
2026-08-22 16:52:47,544 | INFO | __main__ | Fetched structures: 5800 / 14776
2026-08-22 16:53:27,238 | INFO | __main__ | Fetched structures: 5900 / 14776
2026-08-22 16:54:06,551 | INFO | __main__ | Fetched structures: 6000 / 14776
2026-08-22 16:54:46,795 | INFO | __main__ | Fetched structures: 6100 / 14776
2026-08-22 16:55:25,655 | INFO | __main__ | Fetched structures: 6200 / 14776
2026-08-22 16:56:05,890 | INFO | __main__ | Fetched structures: 6300 / 14776
2026-08-22 16:56:45,111 | INFO | __main__ | Fetched structures: 6400 / 14776
2026-08-22 16:57:23,377 | INFO | __main__ | Fetched structures: 6500 / 14776
2026-08-22 16:58:02,019 | INFO | __main__ | Fetched structures: 6600 / 14776
2026-08-22 16:58:40,484 | INFO | __main__ | Fetched structures: 6700 / 14776
2026-08-22 16:59:20,099 | INFO | __main__ | Fetched structures: 6800 / 14776
2026-08-22 16:59:59,586 | INFO | __main__ | Fetched structures: 6900 / 14776
2026-08-22 17:00:38,475 | INFO | __main__ | Fetched structures: 7000 / 14776
2026-08-22 17:01:16,806 | INFO | __main__ | Fetched structures: 7100 / 14776
2026-08-22 17:01:54,536 | INFO | __main__ | Fetched structures: 7200 / 14776
2026-08-22 17:02:32,171 | INFO | __main__ | Fetched structures: 7300 / 14776
2026-08-22 17:03:10,503 | INFO | __main__ | Fetched structures: 7400 / 14776
2026-08-22 17:03:49,403 | INFO | __main__ | Fetched structures: 7500 / 14776
2026-08-22 17:04:29,641 | INFO | __main__ | Fetched structures: 7600 / 14776
2026-08-22 17:05:09,288 | INFO | __main__ | Fetched structures: 7700 / 14776
2026-08-22 17:05:47,585 | INFO | __main__ | Fetched structures: 7800 / 14776
2026-08-22 17:06:26,114 | INFO | __main__ | Fetched structures: 7900 / 14776
2026-08-22 17:07:04,127 | INFO | __main__ | Fetched structures: 8000 / 14776
2026-08-22 17:07:42,412 | INFO | __main__ | Fetched structures: 8100 / 14776
2026-08-22 17:08:20,738 | INFO | __main__ | Fetched structures: 8200 / 14776
2026-08-22 17:08:59,578 | INFO | __main__ | Fetched structures: 8300 / 14776
2026-08-22 17:09:37,996 | INFO | __main__ | Fetched structures: 8400 / 14776
2026-08-22 17:10:16,618 | INFO | __main__ | Fetched structures: 8500 / 14776
2026-08-22 17:10:55,239 | INFO | __main__ | Fetched structures: 8600 / 14776
2026-08-22 17:11:34,173 | INFO | __main__ | Fetched structures: 8700 / 14776
2026-08-22 17:12:12,361 | INFO | __main__ | Fetched structures: 8800 / 14776
2026-08-22 17:12:52,070 | INFO | __main__ | Fetched structures: 8900 / 14776
2026-08-22 17:13:31,123 | INFO | __main__ | Fetched structures: 9000 / 14776
2026-08-22 17:14:09,569 | INFO | __main__ | Fetched structures: 9100 / 14776
2026-08-22 17:14:48,783 | INFO | __main__ | Fetched structures: 9200 / 14776
2026-08-22 17:15:27,782 | INFO | __main__ | Fetched structures: 9300 / 14776
2026-08-22 17:16:15,181 | INFO | __main__ | Fetched structures: 9400 / 14776
2026-08-22 17:17:16,211 | INFO | __main__ | Fetched structures: 9500 / 14776
2026-08-22 17:18:23,700 | INFO | __main__ | Fetched structures: 9600 / 14776
2026-08-22 17:19:24,710 | INFO | __main__ | Fetched structures: 9700 / 14776
2026-08-22 17:20:26,454 | INFO | __main__ | Fetched structures: 9800 / 14776
2026-08-22 17:21:27,698 | INFO | __main__ | Fetched structures: 9900 / 14776
2026-08-22 17:22:33,108 | INFO | __main__ | Fetched structures: 10000 / 14776
2026-08-22 17:23:35,224 | WARNING | urllib3.connectionpool | Retrying (Retry(total=4, connect=5, read=4, redirect=None, status=5)) after connection broken by 'RemoteDisconnected('Remote end closed connection without response')': /chembl/api/data/molecule/CHEMBL4796150.json
2026-08-22 17:24:22,783 | INFO | __main__ | Fetched structures: 10100 / 14776
2026-08-22 17:25:02,138 | INFO | __main__ | Fetched structures: 10200 / 14776
2026-08-22 17:25:40,292 | INFO | __main__ | Fetched structures: 10300 / 14776
2026-08-22 17:26:21,760 | INFO | __main__ | Fetched structures: 10400 / 14776
2026-08-22 17:45:18,783 | INFO | __main__ | Fetched structures: 100 / 14776
2026-08-22 17:46:00,899 | INFO | __main__ | Fetched structures: 200 / 14776
2026-08-22 17:46:41,373 | INFO | __main__ | Fetched structures: 300 / 14776
2026-08-22 17:47:19,676 | INFO | __main__ | Fetched structures: 400 / 14776
2026-08-22 17:47:58,391 | INFO | __main__ | Fetched structures: 500 / 14776
2026-08-22 17:48:36,465 | INFO | __main__ | Fetched structures: 600 / 14776
2026-08-22 17:49:14,482 | INFO | __main__ | Fetched structures: 700 / 14776
2026-08-22 17:49:52,254 | INFO | __main__ | Fetched structures: 800 / 14776
2026-08-22 17:50:30,761 | INFO | __main__ | Fetched structures: 900 / 14776
2026-08-22 17:51:12,849 | INFO | __main__ | Fetched structures: 1000 / 14776
2026-08-22 17:51:53,743 | INFO | __main__ | Fetched structures: 1100 / 14776
2026-08-22 17:52:45,366 | INFO | __main__ | Fetched structures: 1200 / 14776
2026-08-22 17:53:28,855 | INFO | __main__ | Fetched structures: 1300 / 14776
2026-08-22 17:54:06,607 | INFO | __main__ | Fetched structures: 1400 / 14776
2026-08-22 17:54:45,400 | INFO | __main__ | Fetched structures: 1500 / 14776
2026-08-22 17:55:25,258 | INFO | __main__ | Fetched structures: 1600 / 14776
2026-08-22 17:56:06,207 | INFO | __main__ | Fetched structures: 1700 / 14776
2026-08-22 17:56:47,342 | INFO | __main__ | Fetched structures: 1800 / 14776
2026-08-22 17:57:44,709 | INFO | __main__ | Fetched structures: 1900 / 14776
2026-08-22 17:58:58,733 | INFO | __main__ | Fetched structures: 2000 / 14776
2026-08-22 18:00:09,586 | INFO | __main__ | Fetched structures: 2100 / 14776
2026-08-22 18:01:24,172 | INFO | __main__ | Fetched structures: 2200 / 14776
2026-08-22 18:02:32,401 | INFO | __main__ | Fetched structures: 2300 / 14776
2026-08-22 18:03:33,921 | INFO | __main__ | Fetched structures: 2400 / 14776
2026-08-22 18:04:44,565 | INFO | __main__ | Fetched structures: 2500 / 14776
2026-08-22 18:05:55,375 | INFO | __main__ | Fetched structures: 2600 / 14776
2026-08-22 18:07:00,848 | INFO | __main__ | Fetched structures: 2700 / 14776
2026-08-22 18:08:09,289 | INFO | __main__ | Fetched structures: 2800 / 14776
2026-08-22 18:09:16,848 | INFO | __main__ | Fetched structures: 2900 / 14776
2026-08-22 18:10:23,248 | INFO | __main__ | Fetched structures: 3000 / 14776
2026-08-22 18:11:28,399 | INFO | __main__ | Fetched structures: 3100 / 14776
2026-08-22 18:12:37,121 | INFO | __main__ | Fetched structures: 3200 / 14776
2026-08-22 18:13:44,044 | INFO | __main__ | Fetched structures: 3300 / 14776
2026-08-22 18:14:50,899 | INFO | __main__ | Fetched structures: 3400 / 14776
2026-08-22 18:16:05,322 | INFO | __main__ | Fetched structures: 3500 / 14776
2026-08-22 18:17:09,106 | INFO | __main__ | Fetched structures: 3600 / 14776
2026-08-22 18:18:13,001 | INFO | __main__ | Fetched structures: 3700 / 14776
2026-08-22 18:19:23,759 | INFO | __main__ | Fetched structures: 3800 / 14776
2026-08-22 18:20:33,367 | INFO | __main__ | Fetched structures: 3900 / 14776
2026-08-22 18:21:36,465 | INFO | __main__ | Fetched structures: 4000 / 14776
2026-08-22 18:22:36,135 | INFO | __main__ | Fetched structures: 4100 / 14776
2026-08-22 18:23:34,588 | INFO | __main__ | Fetched structures: 4200 / 14776
2026-08-22 18:24:31,099 | INFO | __main__ | Fetched structures: 4300 / 14776
2026-08-22 18:25:28,036 | INFO | __main__ | Fetched structures: 4400 / 14776
2026-08-22 18:26:22,961 | INFO | __main__ | Fetched structures: 4500 / 14776
2026-08-22 18:27:38,728 | INFO | __main__ | Fetched structures: 4600 / 14776
2026-08-22 18:28:50,661 | INFO | __main__ | Fetched structures: 4700 / 14776
2026-08-22 18:30:01,028 | INFO | __main__ | Fetched structures: 4800 / 14776
2026-08-22 18:31:07,226 | INFO | __main__ | Fetched structures: 4900 / 14776
2026-08-22 18:32:08,011 | INFO | __main__ | Fetched structures: 5000 / 14776
2026-08-22 18:33:05,304 | INFO | __main__ | Fetched structures: 5100 / 14776
2026-08-22 18:33:59,712 | INFO | __main__ | Fetched structures: 5200 / 14776
2026-08-22 18:34:57,365 | INFO | __main__ | Fetched structures: 5300 / 14776
2026-08-22 18:35:55,229 | INFO | __main__ | Fetched structures: 5400 / 14776
2026-08-22 18:36:48,317 | INFO | __main__ | Fetched structures: 5500 / 14776
2026-08-22 18:37:44,245 | INFO | __main__ | Fetched structures: 5600 / 14776
2026-08-22 18:38:49,257 | INFO | __main__ | Fetched structures: 5700 / 14776
2026-08-22 18:39:52,889 | INFO | __main__ | Fetched structures: 5800 / 14776
2026-08-22 18:40:59,176 | INFO | __main__ | Fetched structures: 5900 / 14776
2026-08-22 18:42:01,405 | INFO | __main__ | Fetched structures: 6000 / 14776
2026-08-22 18:43:09,751 | INFO | __main__ | Fetched structures: 6100 / 14776
2026-08-22 18:44:17,176 | INFO | __main__ | Fetched structures: 6200 / 14776
2026-08-22 18:45:19,959 | INFO | __main__ | Fetched structures: 6300 / 14776
2026-08-22 18:46:20,921 | INFO | __main__ | Fetched structures: 6400 / 14776
2026-08-22 18:47:23,690 | INFO | __main__ | Fetched structures: 6500 / 14776
2026-08-22 18:48:27,822 | INFO | __main__ | Fetched structures: 6600 / 14776
2026-08-22 18:49:37,026 | INFO | __main__ | Fetched structures: 6700 / 14776
2026-08-22 18:50:43,545 | INFO | __main__ | Fetched structures: 6800 / 14776
2026-08-22 18:51:48,483 | INFO | __main__ | Fetched structures: 6900 / 14776
2026-08-22 18:52:57,249 | INFO | __main__ | Fetched structures: 7000 / 14776
2026-08-22 18:54:07,495 | INFO | __main__ | Fetched structures: 7100 / 14776
2026-08-22 18:55:17,692 | INFO | __main__ | Fetched structures: 7200 / 14776
2026-08-22 18:56:23,614 | INFO | __main__ | Fetched structures: 7300 / 14776
2026-08-22 18:57:41,227 | INFO | __main__ | Fetched structures: 7400 / 14776
2026-08-22 18:58:54,213 | INFO | __main__ | Fetched structures: 7500 / 14776
2026-08-22 19:00:13,361 | INFO | __main__ | Fetched structures: 7600 / 14776
2026-08-22 19:01:35,061 | INFO | __main__ | Fetched structures: 7700 / 14776
2026-08-22 19:02:50,574 | INFO | __main__ | Fetched structures: 7800 / 14776
2026-08-22 19:04:06,667 | INFO | __main__ | Fetched structures: 7900 / 14776
2026-08-22 19:05:16,446 | INFO | __main__ | Fetched structures: 8000 / 14776
2026-08-22 19:06:28,288 | INFO | __main__ | Fetched structures: 8100 / 14776
2026-08-22 19:07:36,150 | INFO | __main__ | Fetched structures: 8200 / 14776
2026-08-22 19:08:47,577 | INFO | __main__ | Fetched structures: 8300 / 14776
2026-08-22 19:10:03,749 | INFO | __main__ | Fetched structures: 8400 / 14776
2026-08-22 19:11:18,874 | INFO | __main__ | Fetched structures: 8500 / 14776
2026-08-22 19:12:49,034 | INFO | __main__ | Fetched structures: 8600 / 14776
2026-08-22 19:14:16,649 | INFO | __main__ | Fetched structures: 8700 / 14776
2026-08-22 19:15:48,788 | INFO | __main__ | Fetched structures: 8800 / 14776
2026-08-22 19:17:05,836 | INFO | __main__ | Fetched structures: 8900 / 14776
2026-08-22 19:18:13,997 | INFO | __main__ | Fetched structures: 9000 / 14776
2026-08-22 19:19:18,540 | INFO | __main__ | Fetched structures: 9100 / 14776
2026-08-22 19:20:24,691 | INFO | __main__ | Fetched structures: 9200 / 14776
2026-08-22 19:21:34,403 | INFO | __main__ | Fetched structures: 9300 / 14776
2026-08-22 19:22:45,890 | INFO | __main__ | Fetched structures: 9400 / 14776
2026-08-22 19:23:52,208 | INFO | __main__ | Fetched structures: 9500 / 14776
2026-08-22 19:24:59,931 | INFO | __main__ | Fetched structures: 9600 / 14776
2026-08-22 19:26:12,942 | INFO | __main__ | Fetched structures: 9700 / 14776
2026-08-22 19:27:22,496 | INFO | __main__ | Fetched structures: 9800 / 14776
2026-08-22 19:28:34,854 | INFO | __main__ | Fetched structures: 9900 / 14776
2026-08-22 19:29:42,204 | INFO | __main__ | Fetched structures: 10000 / 14776
2026-08-22 19:32:55,983 | INFO | __main__ | Fetched structures: 10100 / 14776
2026-08-22 19:34:12,436 | INFO | __main__ | Fetched structures: 10200 / 14776
2026-08-22 19:35:24,235 | INFO | __main__ | Fetched structures: 10300 / 14776
2026-08-22 19:36:39,494 | INFO | __main__ | Fetched structures: 10400 / 14776
2026-08-22 19:37:50,635 | INFO | __main__ | Fetched structures: 10500 / 14776
2026-08-22 19:39:01,875 | INFO | __main__ | Fetched structures: 10600 / 14776
2026-08-22 19:40:08,904 | INFO | __main__ | Fetched structures: 10700 / 14776
2026-08-22 19:41:20,710 | INFO | __main__ | Fetched structures: 10800 / 14776
2026-08-22 19:42:28,169 | INFO | __main__ | Fetched structures: 10900 / 14776
2026-08-22 19:43:34,068 | INFO | __main__ | Fetched structures: 11000 / 14776
2026-08-22 19:44:35,290 | INFO | __main__ | Fetched structures: 11100 / 14776
2026-08-22 19:45:43,235 | INFO | __main__ | Fetched structures: 11200 / 14776
2026-08-22 19:46:51,523 | INFO | __main__ | Fetched structures: 11300 / 14776
2026-08-22 19:48:05,797 | INFO | __main__ | Fetched structures: 11400 / 14776
2026-08-22 19:49:20,140 | INFO | __main__ | Fetched structures: 11500 / 14776
2026-08-22 19:50:24,910 | INFO | __main__ | Fetched structures: 11600 / 14776
2026-08-22 19:51:39,971 | INFO | __main__ | Fetched structures: 11700 / 14776
2026-08-22 19:52:53,240 | INFO | __main__ | Fetched structures: 11800 / 14776
2026-08-22 19:54:02,254 | INFO | __main__ | Fetched structures: 11900 / 14776
2026-08-22 19:55:19,505 | INFO | __main__ | Fetched structures: 12000 / 14776
2026-08-22 19:56:26,352 | INFO | __main__ | Fetched structures: 12100 / 14776
2026-08-22 19:57:35,700 | INFO | __main__ | Fetched structures: 12200 / 14776
2026-08-22 19:58:55,452 | INFO | __main__ | Fetched structures: 12300 / 14776
2026-08-22 20:00:08,799 | INFO | __main__ | Fetched structures: 12400 / 14776
2026-08-22 20:01:16,865 | INFO | __main__ | Fetched structures: 12500 / 14776
2026-08-22 20:02:31,766 | INFO | __main__ | Fetched structures: 12600 / 14776
2026-08-22 20:03:47,886 | INFO | __main__ | Fetched structures: 12700 / 14776
2026-08-22 20:04:52,642 | INFO | __main__ | Fetched structures: 12800 / 14776
2026-08-22 20:06:10,851 | INFO | __main__ | Fetched structures: 12900 / 14776
2026-08-22 20:07:26,464 | INFO | __main__ | Fetched structures: 13000 / 14776
2026-08-22 20:08:38,591 | INFO | __main__ | Fetched structures: 13100 / 14776
2026-08-22 20:09:56,965 | INFO | __main__ | Fetched structures: 13200 / 14776
2026-08-22 20:11:17,073 | INFO | __main__ | Fetched structures: 13300 / 14776
2026-08-22 20:12:42,357 | INFO | __main__ | Fetched structures: 13400 / 14776
2026-08-22 20:14:05,214 | INFO | __main__ | Fetched structures: 13500 / 14776
2026-08-22 20:15:25,679 | INFO | __main__ | Fetched structures: 13600 / 14776
2026-08-22 20:16:42,687 | INFO | __main__ | Fetched structures: 13700 / 14776
2026-08-22 20:17:51,424 | INFO | __main__ | Fetched structures: 13800 / 14776
2026-08-22 20:19:07,444 | INFO | __main__ | Fetched structures: 13900 / 14776
2026-08-22 20:20:17,683 | INFO | __main__ | Fetched structures: 14000 / 14776
2026-08-22 20:21:26,035 | INFO | __main__ | Fetched structures: 14100 / 14776
2026-08-22 20:22:36,887 | INFO | __main__ | Fetched structures: 14200 / 14776
2026-08-22 20:23:48,748 | INFO | __main__ | Fetched structures: 14300 / 14776
2026-08-22 20:24:47,778 | INFO | __main__ | Fetched structures: 14400 / 14776
2026-08-22 20:26:07,625 | INFO | __main__ | Fetched structures: 14500 / 14776
2026-08-22 20:27:42,492 | INFO | __main__ | Fetched structures: 14600 / 14776
2026-08-22 20:28:59,118 | INFO | __main__ | Fetched structures: 14700 / 14776
2026-08-22 20:29:49,883 | WARNING | urllib3.connectionpool | Retrying (Retry(total=4, connect=5, read=4, redirect=None, status=5)) after connection broken by 'ConnectionResetError(10054, 'An existing connection was forcibly closed by the remote host', None, 10054, None)': /chembl/api/data/molecule/CHEMBL6159678.json
2026-08-22 20:30:32,566 | INFO | __main__ | Saved structure-enriched data to C:\Users\sintu\Desktop\drug-bioactivity-predictor\data\raw\egfr_ic50_with_smiles.csv
